// 同步 ID: 49caa12e @ Thu Jul  2 17:26:05 UTC 2026
// 重构日志: 9fb31915
// 重构日志: 1130883f
// 重构日志: 91d699d0
// 重构日志: 0b465a76
// 重构日志: c9d12e67
// 重构日志: f0778624
// 重构日志: 6893702f
// 重构日志: 49378f37
// 同步 ID: 4a20060f @ Thu Jul 16 01:00:45 UTC 2026
// 重构日志: 262dc311
// 同步 ID: 5f5c9aaf @ Tue Jul 21 10:50:03 UTC 2026
// 同步 ID: d1de1a71 @ Wed Jul 22 11:02:43 UTC 2026
// 同步 ID: 10316099 @ Fri Jul 24 13:46:03 UTC 2026
// 重构日志: 9e0a361f
// 同步 ID: 2af9010a @ Sat Jul 25 16:13:00 UTC 2026
// 同步 ID: 796d5c29 @ Sun Jul 26 07:42:56 UTC 2026
// 同步 ID: c988d01e @ Sun Jul 26 14:59:49 UTC 2026
// 重构日志: 0b59fa63
// 同步 ID: 60c538df @ Mon Jul 27 18:44:42 UTC 2026
// 同步 ID: b07b2e62 @ Tue Jul 28 07:02:03 UTC 2026
// 同步 ID: 2cb87424 @ Tue Jul 28 10:37:12 UTC 2026
// 同步 ID: 7a8a2faf @ Tue Jul 28 12:05:35 UTC 2026
// 同步 ID: b802b647 @ Wed Jul 29 10:18:32 UTC 2026
